  main.cpp
C:\KHS\data-structure-lab\Lec04_Class_Example\Lec04_Class_Example\Music.h(61,11): error C2665: 'std::vector<Music,std::allocator<Music>>::push_back': 모든 인수 형식을 변환할 수 있는 오버로드된 함수가 없습니다.
  (소스 파일 'main.cpp'을(를) 컴파일하는 중)
  C:\Program Files\Microsoft Visual Studio\2022\Community\VC\Tools\MSVC\14.38.33130\include\vector(874,23):
  'void std::vector<Music,std::allocator<Music>>::push_back(_Ty &&)'일 수 있습니다.
          with
          [
              _Ty=Music
          ]
  	C:\KHS\data-structure-lab\Lec04_Class_Example\Lec04_Class_Example\Music.h(61,11):
  	'void std::vector<Music,std::allocator<Music>>::push_back(_Ty &&)': 인수 1을(를) '_Ty *'에서 '_Ty &&'(으)로 변환할 수 없습니다.
          with
          [
              _Ty=Music
          ]
  		C:\KHS\data-structure-lab\Lec04_Class_Example\Lec04_Class_Example\Music.h(61,22):
  		원인: '_Ty *'에서 '_Ty'(으)로 변환할 수 없습니다.
          with
          [
              _Ty=Music
          ]
  		C:\KHS\data-structure-lab\Lec04_Class_Example\Lec04_Class_Example\Music.h(61,22):
  		'Music::Music': 모든 인수 형식을 변환할 수 있는 오버로드된 함수가 없습니다.
  			C:\KHS\data-structure-lab\Lec04_Class_Example\Lec04_Class_Example\Music.h(27,1):
  			'Music::Music(Music &&)'일 수 있습니다.
  				C:\KHS\data-structure-lab\Lec04_Class_Example\Lec04_Class_Example\Music.h(61,22):
  				'Music::Music(Music &&)': 인수 1을(를) '_Ty *'에서 'Music &&'(으)로 변환할 수 없습니다.
          with
          [
              _Ty=Music
          ]
  					C:\KHS\data-structure-lab\Lec04_Class_Example\Lec04_Class_Example\Music.h(61,22):
  					원인: '_Ty *'에서 'Music'(으)로 변환할 수 없습니다.
          with
          [
              _Ty=Music
          ]
  					C:\KHS\data-structure-lab\Lec04_Class_Example\Lec04_Class_Example\Music.h(61,22):
  					변환하려면 둘째 사용자 정의 변환 연산자 또는 생성자가 있어야 합니다.
  			C:\KHS\data-structure-lab\Lec04_Class_Example\Lec04_Class_Example\Music.h(27,1):
  			또는       'Music::Music(const Music &)'
  				C:\KHS\data-structure-lab\Lec04_Class_Example\Lec04_Class_Example\Music.h(61,22):
  				'Music::Music(const Music &)': 인수 1을(를) '_Ty *'에서 'const Music &'(으)로 변환할 수 없습니다.
          with
          [
              _Ty=Music
          ]
  					C:\KHS\data-structure-lab\Lec04_Class_Example\Lec04_Class_Example\Music.h(61,22):
  					원인: '_Ty *'에서 'const Music'(으)로 변환할 수 없습니다.
          with
          [
              _Ty=Music
          ]
  					C:\KHS\data-structure-lab\Lec04_Class_Example\Lec04_Class_Example\Music.h(61,22):
  					변환하려면 둘째 사용자 정의 변환 연산자 또는 생성자가 있어야 합니다.
  			C:\KHS\data-structure-lab\Lec04_Class_Example\Lec04_Class_Example\Music.h(61,22):
  			인수 목록 '(_Ty *)'을(를) 일치시키는 동안
          with
          [
              _Ty=Music
          ]
  C:\Program Files\Microsoft Visual Studio\2022\Community\VC\Tools\MSVC\14.38.33130\include\vector(870,23):
  또는       'void std::vector<Music,std::allocator<Music>>::push_back(const _Ty &)'
          with
          [
              _Ty=Music
          ]
  	C:\KHS\data-structure-lab\Lec04_Class_Example\Lec04_Class_Example\Music.h(61,11):
  	'void std::vector<Music,std::allocator<Music>>::push_back(const _Ty &)': 인수 1을(를) '_Ty *'에서 'const _Ty &'(으)로 변환할 수 없습니다.
          with
          [
              _Ty=Music
          ]
  		C:\KHS\data-structure-lab\Lec04_Class_Example\Lec04_Class_Example\Music.h(61,22):
  		원인: '_Ty *'에서 'const _Ty'(으)로 변환할 수 없습니다.
          with
          [
              _Ty=Music
          ]
  		C:\KHS\data-structure-lab\Lec04_Class_Example\Lec04_Class_Example\Music.h(61,22):
  		'Music::Music': 모든 인수 형식을 변환할 수 있는 오버로드된 함수가 없습니다.
  			C:\KHS\data-structure-lab\Lec04_Class_Example\Lec04_Class_Example\Music.h(27,1):
  			'Music::Music(Music &&)'일 수 있습니다.
  				C:\KHS\data-structure-lab\Lec04_Class_Example\Lec04_Class_Example\Music.h(61,22):
  				'Music::Music(Music &&)': 인수 1을(를) '_Ty *'에서 'Music &&'(으)로 변환할 수 없습니다.
          with
          [
              _Ty=Music
          ]
  					C:\KHS\data-structure-lab\Lec04_Class_Example\Lec04_Class_Example\Music.h(61,22):
  					원인: '_Ty *'에서 'Music'(으)로 변환할 수 없습니다.
          with
          [
              _Ty=Music
          ]
  					C:\KHS\data-structure-lab\Lec04_Class_Example\Lec04_Class_Example\Music.h(61,22):
  					변환하려면 둘째 사용자 정의 변환 연산자 또는 생성자가 있어야 합니다.
  			C:\KHS\data-structure-lab\Lec04_Class_Example\Lec04_Class_Example\Music.h(27,1):
  			또는       'Music::Music(const Music &)'
  				C:\KHS\data-structure-lab\Lec04_Class_Example\Lec04_Class_Example\Music.h(61,22):
  				'Music::Music(const Music &)': 인수 1을(를) '_Ty *'에서 'const Music &'(으)로 변환할 수 없습니다.
          with
          [
              _Ty=Music
          ]
  					C:\KHS\data-structure-lab\Lec04_Class_Example\Lec04_Class_Example\Music.h(61,22):
  					원인: '_Ty *'에서 'const Music'(으)로 변환할 수 없습니다.
          with
          [
              _Ty=Music
          ]
  					C:\KHS\data-structure-lab\Lec04_Class_Example\Lec04_Class_Example\Music.h(61,22):
  					변환하려면 둘째 사용자 정의 변환 연산자 또는 생성자가 있어야 합니다.
  			C:\KHS\data-structure-lab\Lec04_Class_Example\Lec04_Class_Example\Music.h(61,22):
  			인수 목록 '(_Ty *)'을(를) 일치시키는 동안
          with
          [
              _Ty=Music
          ]
  C:\KHS\data-structure-lab\Lec04_Class_Example\Lec04_Class_Example\Music.h(61,11):
  인수 목록 '(_Ty *)'을(를) 일치시키는 동안
          with
          [
              _Ty=Music
          ]
  
C:\KHS\data-structure-lab\Lec04_Class_Example\Lec04_Class_Example\main.cpp(46,30): error C2440: '초기화 중': 'std::vector<Music,std::allocator<Music>>'에서 'std::vector<Music *,std::allocator<Music *>>'(으)로 변환할 수 없습니다.
  C:\KHS\data-structure-lab\Lec04_Class_Example\Lec04_Class_Example\main.cpp(46,30):
  이 변환을 수행할 수 있는 사용 가능한 사용자 정의 변환 연산자가 없거나 연산자를 호출할 수 없습니다.
  
